<?xml version="1.0" encoding="utf-8"?>
<TestRun id="a311b51f-0509-4bf2-9a48-e68149afe2be" name="1012378@TVMDT2136 2019-05-28 20:16:26" runUser="QUEST-GLOBAL\1012378" xmlns="http://microsoft.com/schemas/VisualStudio/TeamTest/2010">
  <Times creation="2019-05-28T20:16:27.0330915+05:30" queuing="2019-05-28T20:16:27.0330915+05:30" start="2019-05-28T20:16:27.0330915+05:30" finish="2019-05-28T20:16:27.7131066+05:30" />
  <Results>
    <UnitTestResult computerName="TVMDT2136" duration="00:00:00.0314561" endTime="2019-05-28T20:16:27.4160660+05:30" executionId="e15c2aa0-948d-4120-9c2f-83d51cfef9f5" outcome="Failed" startTime="2019-05-28T20:16:27.1049001+05:30" testId="ff33f989-5f49-9c43-9851-da71bd8d9634" testListId="8c84fa94-04c1-424b-9868-57a2d4851a1d" testName="Test_Trending_MSTest_FAIL" testType="13cdc9d9-ddb5-4fa4-a97d-d965ccfc6d4b">
      <Output>
        <ErrorInfo>
          <Message>Assert.AreEqual failed. Expected:&lt;nope&gt;. Actual:&lt;Paul Walker&gt;. </Message>
          <StackTrace>   at MSTest.MsTestExample.Test_Trending_MSTest_FAIL() in C:\Testfolder\MSTest\MSTest_Example.cs:line 32
</StackTrace>
        </ErrorInfo>
      </Output>
    </UnitTestResult>
    <UnitTestResult computerName="TVMDT2136" duration="00:00:00.0002136" endTime="2019-05-28T20:16:27.4190572+05:30" executionId="0d1ed3dd-7ebb-47e1-83b2-b0d9ce5e6503" outcome="Passed" startTime="2019-05-28T20:16:27.4170630+05:30" testId="3ebf6806-d33f-78ee-05df-68a7ba9e20ba" testListId="8c84fa94-04c1-424b-9868-57a2d4851a1d" testName="Test_Trending_MSTest_OK" testType="13cdc9d9-ddb5-4fa4-a97d-d965ccfc6d4b">
      <Output />
    </UnitTestResult>
    <UnitTestResult computerName="TVMDT2136" duration="00:00:00.0286545" endTime="2019-05-28T20:16:27.6824914+05:30" executionId="8bc4a06f-3972-4f35-808e-1b92f1e4044d" outcome="Failed" startTime="2019-05-28T20:16:27.3472510+05:30" testId="ff33f989-5f49-9c43-9851-da71bd8d9634" testListId="8c84fa94-04c1-424b-9868-57a2d4851a1d" testName="Test_Trending_MSTest_FAIL" testType="13cdc9d9-ddb5-4fa4-a97d-d965ccfc6d4b">
      <Output>
        <ErrorInfo>
          <Message>Assert.AreEqual failed. Expected:&lt;nope&gt;. Actual:&lt;Paul Walker&gt;. </Message>
          <StackTrace>   at MSTest.MsTestExample.Test_Trending_MSTest_FAIL() in C:\Testfolder\MSTest\MSTest_Example.cs:line 32
</StackTrace>
        </ErrorInfo>
      </Output>
    </UnitTestResult>
    <UnitTestResult computerName="TVMDT2136" duration="00:00:00.0002022" endTime="2019-05-28T20:16:27.6854850+05:30" executionId="60a79988-60db-4c6c-b004-cc1979a30abb" outcome="Passed" startTime="2019-05-28T20:16:27.6834884+05:30" testId="3ebf6806-d33f-78ee-05df-68a7ba9e20ba" testListId="8c84fa94-04c1-424b-9868-57a2d4851a1d" testName="Test_Trending_MSTest_OK" testType="13cdc9d9-ddb5-4fa4-a97d-d965ccfc6d4b">
      <Output />
    </UnitTestResult>
  </Results>
  <TestDefinitions>
    <UnitTest id="ff33f989-5f49-9c43-9851-da71bd8d9634" name="Test_Trending_MSTest_FAIL" storage="c:\testfolder1\mstest\bin\debug\mstest.dll">
      <Execution id="e15c2aa0-948d-4120-9c2f-83d51cfef9f5" />
      <TestMethod codeBase="C:/Testfolder1/MSTest/bin/Debug/MSTest.DLL" className="MSTest.MsTestExample, MSTest, Version=1.0.0.0, Culture=neutral, PublicKeyToken=null" name="Test_Trending_MSTest_FAIL" adapterTypeName="Microsoft.VisualStudio.TestTools.TestTypes.Unit.UnitTestAdapter, Microsoft.VisualStudio.QualityTools.Tips.UnitTest.Adapter, Version=15.0.0.0, Culture=neutral, PublicKeyToken=b03f5f7f11d50a3a" />
    </UnitTest>
    <UnitTest id="3ebf6806-d33f-78ee-05df-68a7ba9e20ba" name="Test_Trending_MSTest_OK" storage="c:\testfolder1\mstest\bin\debug\mstest.dll">
      <Execution id="0d1ed3dd-7ebb-47e1-83b2-b0d9ce5e6503" />
      <TestMethod codeBase="C:/Testfolder1/MSTest/bin/Debug/MSTest.DLL" className="MSTest.MsTestExample, MSTest, Version=1.0.0.0, Culture=neutral, PublicKeyToken=null" name="Test_Trending_MSTest_OK" adapterTypeName="Microsoft.VisualStudio.TestTools.TestTypes.Unit.UnitTestAdapter, Microsoft.VisualStudio.QualityTools.Tips.UnitTest.Adapter, Version=15.0.0.0, Culture=neutral, PublicKeyToken=b03f5f7f11d50a3a" />
    </UnitTest>
    <UnitTest id="ff33f989-5f49-9c43-9851-da71bd8d9634" name="Test_Trending_MSTest_FAIL" storage="c:\testfolder2\mstest\bin\debug\mstest.dll">
      <Execution id="8bc4a06f-3972-4f35-808e-1b92f1e4044d" />
      <TestMethod codeBase="C:/Testfolder2/MSTest/bin/Debug/MSTest.DLL" className="MSTest.MsTestExample, MSTest, Version=1.0.0.0, Culture=neutral, PublicKeyToken=null" name="Test_Trending_MSTest_FAIL" adapterTypeName="Microsoft.VisualStudio.TestTools.TestTypes.Unit.UnitTestAdapter, Microsoft.VisualStudio.QualityTools.Tips.UnitTest.Adapter, Version=15.0.0.0, Culture=neutral, PublicKeyToken=b03f5f7f11d50a3a" />
    </UnitTest>
    <UnitTest id="3ebf6806-d33f-78ee-05df-68a7ba9e20ba" name="Test_Trending_MSTest_OK" storage="c:\testfolder2\mstest\bin\debug\mstest.dll">
      <Execution id="60a79988-60db-4c6c-b004-cc1979a30abb" />
      <TestMethod codeBase="C:/Testfolder2/MSTest/bin/Debug/MSTest.DLL" className="MSTest.MsTestExample, MSTest, Version=1.0.0.0, Culture=neutral, PublicKeyToken=null" name="Test_Trending_MSTest_OK" adapterTypeName="Microsoft.VisualStudio.TestTools.TestTypes.Unit.UnitTestAdapter, Microsoft.VisualStudio.QualityTools.Tips.UnitTest.Adapter, Version=15.0.0.0, Culture=neutral, PublicKeyToken=b03f5f7f11d50a3a" />
    </UnitTest>
  </TestDefinitions>
  <TestEntries>
    <TestEntry testId="ff33f989-5f49-9c43-9851-da71bd8d9634" executionId="e15c2aa0-948d-4120-9c2f-83d51cfef9f5" testListId="8c84fa94-04c1-424b-9868-57a2d4851a1d" />
    <TestEntry testId="3ebf6806-d33f-78ee-05df-68a7ba9e20ba" executionId="0d1ed3dd-7ebb-47e1-83b2-b0d9ce5e6503" testListId="8c84fa94-04c1-424b-9868-57a2d4851a1d" />
    <TestEntry testId="ff33f989-5f49-9c43-9851-da71bd8d9634" executionId="8bc4a06f-3972-4f35-808e-1b92f1e4044d" testListId="8c84fa94-04c1-424b-9868-57a2d4851a1d" />
    <TestEntry testId="3ebf6806-d33f-78ee-05df-68a7ba9e20ba" executionId="60a79988-60db-4c6c-b004-cc1979a30abb" testListId="8c84fa94-04c1-424b-9868-57a2d4851a1d" />
  </TestEntries>
  <TestLists>
    <TestList name="Results Not in a List" id="8c84fa94-04c1-424b-9868-57a2d4851a1d" />
    <TestList name="All Loaded Results" id="19431567-8539-422a-85d7-44ee4e166bda" />
  </TestLists>
  <ResultSummary outcome="Failed">
    <Counters aborted="0" completed="0" disconnected="0" executed="4" failed="2" inconclusive="0" inProgress="0" notExecuted="0" notRunnable="0" passed="2" passedButRunAborted="0" pending="0" timeout="0" total="4" warning="0" />
    <RunInfos />
  </ResultSummary>
</TestRun>